12.04.2026 - 12:06:37 - [TAB v6.0.0] Blocked attempt to add player uNGxDz into team CMINP1 (expected team: 7uNGxDzA). Source of the team: CMI. To fix this, set "DisableTeamManagement: true" in "plugins/CMI/config.yml".
12.04.2026 - 12:33:55 - [TAB v6.0.0] Blocked attempt to add player HOWAREYOUX into team CMINP2 (expected team: 7HOWAREYOUXA). Source of the team: CMI. To fix this, set "DisableTeamManagement: true" in "plugins/CMI/config.yml".
12.04.2026 - 13:02:19 - [TAB v6.0.0] Blocked attempt to add player uNGxDz into team CMINP1 (expected team: 7uNGxDzA). Source of the team: CMI. To fix this, set "DisableTeamManagement: true" in "plugins/CMI/config.yml".
12.04.2026 - 13:28:46 - [TAB v6.0.0] Blocked attempt to add player uNGxDz into team CMINP1 (expected team: 7uNGxDzA). Source of the team: CMI. To fix this, set "DisableTeamManagement: true" in "plugins/CMI/config.yml".
12.04.2026 - 13:29:37 - [TAB v6.0.0] Blocked attempt to add player HOWAREYOUX into team CMINP2 (expected team: 7HOWAREYOUXA). Source of the team: CMI. To fix this, set "DisableTeamManagement: true" in "plugins/CMI/config.yml".
12.04.2026 - 13:48:48 - [TAB v6.0.0] Blocked attempt to add player uNGxDz into team CMINP1 (expected team: 7uNGxDzA). Source of the team: CMI. To fix this, set "DisableTeamManagement: true" in "plugins/CMI/config.yml".
12.04.2026 - 15:02:36 - [TAB v6.0.0] Blocked attempt to add player HOWAREYOUX into team CMINP2 (expected team: 7HOWAREYOUXA). Source of the team: CMI. To fix this, set "DisableTeamManagement: true" in "plugins/CMI/config.yml".
12.04.2026 - 18:33:35 - [TAB v6.0.0] Blocked attempt to add player uNGxDz into team CMINP1 (expected team: 6uNGxDzA). Source of the team: CMI. To fix this, set "DisableTeamManagement: true" in "plugins/CMI/config.yml".
13.04.2026 - 12:56:33 - [TAB v6.0.0] Blocked attempt to add player uNGxDz into team CMINP1 (expected team: 4uNGxDzA). Source of the team: CMI. To fix this, set "DisableTeamManagement: true" in "plugins/CMI/config.yml".
13.04.2026 - 13:19:52 - [TAB v6.0.0] Blocked attempt to add player uNGxDz into team CMINP1 (expected team: 4uNGxDzA). Source of the team: CMI. To fix this, set "DisableTeamManagement: true" in "plugins/CMI/config.yml".
13.04.2026 - 15:59:08 - [TAB v6.0.0] Blocked attempt to add player uNGxDz into team CMINP1 (expected team: 6uNGxDzA). Source of the team: CMI. To fix this, set "DisableTeamManagement: true" in "plugins/CMI/config.yml".
13.04.2026 - 19:16:22 - [TAB v6.0.0] Blocked attempt to add player FifTyz13 into team CMINP0 (expected team: 6FifTyz13A). Source of the team: CMI. To fix this, set "DisableTeamManagement: true" in "plugins/CMI/config.yml".
14.04.2026 - 03:46:46 - [TAB v6.0.0] Blocked attempt to add player HOWAREYOUX into team CMINP2 (expected team: 6HOWAREYOUXA). Source of the team: CMI. To fix this, set "DisableTeamManagement: true" in "plugins/CMI/config.yml".
14.04.2026 - 14:40:25 - [TAB v6.0.0] Blocked attempt to add player uNGxDz into team CMINP1 (expected team: 6uNGxDzA). Source of the team: CMI. To fix this, set "DisableTeamManagement: true" in "plugins/CMI/config.yml".
18.04.2026 - 16:25:35 - [TAB v6.0.0] Blocked attempt to add player uNGxDz into team CMINP1 (expected team: 6uNGxDzA). Source of the team: CMI. To fix this, set "DisableTeamManagement: true" in "plugins/CMI/config.yml".
18.04.2026 - 22:01:38 - [TAB v6.0.0] Blocked attempt to add player uNGxDz into team CMINP1 (expected team: 6uNGxDzA). Source of the team: CMI. To fix this, set "DisableTeamManagement: true" in "plugins/CMI/config.yml".
18.04.2026 - 22:59:39 - [TAB v6.0.0] Blocked attempt to add player uNGxDz into team CMINP1 (expected team: 6uNGxDzA). Source of the team: CMI. To fix this, set "DisableTeamManagement: true" in "plugins/CMI/config.yml".
19.04.2026 - 17:14:45 - [TAB v6.0.0] Blocked attempt to add player HOWAREYOUX into team CMINP2 (expected team: 6HOWAREYOUXA). Source of the team: CMI. To fix this, set "DisableTeamManagement: true" in "plugins/CMI/config.yml".
19.04.2026 - 17:47:29 - [TAB v6.0.0] Blocked attempt to add player uNGxDz into team CMINP1 (expected team: 6uNGxDzA). Source of the team: CMI. To fix this, set "DisableTeamManagement: true" in "plugins/CMI/config.yml".
19.04.2026 - 17:55:57 - [TAB v6.0.0] Blocked attempt to add player FifTyz13 into team CMINP3 (expected team: 6FifTyz13A). Source of the team: CMI. To fix this, set "DisableTeamManagement: true" in "plugins/CMI/config.yml".
19.04.2026 - 17:56:12 - [TAB v6.0.0] Blocked attempt to add player uNGxDz into team CMINP1 (expected team: 6uNGxDzA). Source of the team: CMI. To fix this, set "DisableTeamManagement: true" in "plugins/CMI/config.yml".
19.04.2026 - 17:59:47 - [TAB v6.0.0] Blocked attempt to add player HOWAREYOUX into team CMINP2 (expected team: 6HOWAREYOUXA). Source of the team: CMI. To fix this, set "DisableTeamManagement: true" in "plugins/CMI/config.yml".
19.04.2026 - 18:31:58 - [TAB v6.0.0] Blocked attempt to add player FifTyz13 into team CMINP3 (expected team: 6FifTyz13A). Source of the team: CMI. To fix this, set "DisableTeamManagement: true" in "plugins/CMI/config.yml".
19.04.2026 - 18:31:58 - [TAB v6.0.0] Blocked attempt to add player FifTyz13 into team CMINP3 (expected team: 6FifTyz13A). Source of the team: CMI. To fix this, set "DisableTeamManagement: true" in "plugins/CMI/config.yml".
20.04.2026 - 17:04:47 - [TAB v6.0.0] Blocked attempt to add player uNGxDz into team CMINP1 (expected team: 6uNGxDzA). Source of the team: CMI. To fix this, set "DisableTeamManagement: true" in "plugins/CMI/config.yml".
20.04.2026 - 17:15:26 - [TAB v6.0.0] Blocked attempt to add player uNGxDz into team CMINP1 (expected team: 6uNGxDzA). Source of the team: CMI. To fix this, set "DisableTeamManagement: true" in "plugins/CMI/config.yml".
23.04.2026 - 16:31:27 - [TAB v6.0.0] Blocked attempt to add player uNGxDz into team CMINP1 (expected team: 6uNGxDzA). Source of the team: CMI. To fix this, set "DisableTeamManagement: true" in "plugins/CMI/config.yml".
23.04.2026 - 16:43:38 - [TAB v6.0.0] Blocked attempt to add player HOWAREYOUX into team CMINP2 (expected team: 6HOWAREYOUXA). Source of the team: CMI. To fix this, set "DisableTeamManagement: true" in "plugins/CMI/config.yml".
23.04.2026 - 16:49:44 - [TAB v6.0.0] Blocked attempt to add player uNGxDz into team CMINP1 (expected team: 6uNGxDzA). Source of the team: CMI. To fix this, set "DisableTeamManagement: true" in "plugins/CMI/config.yml".
23.04.2026 - 19:12:36 - [TAB v6.0.0] Blocked attempt to add player HOWAREYOUX into team CMINP2 (expected team: 6HOWAREYOUXA). Source of the team: CMI. To fix this, set "DisableTeamManagement: true" in "plugins/CMI/config.yml".
24.04.2026 - 10:49:12 - [TAB v6.0.0] Blocked attempt to add player uNGxDz into team CMINP1 (expected team: 6uNGxDzA). Source of the team: CMI. To fix this, set "DisableTeamManagement: true" in "plugins/CMI/config.yml".
24.04.2026 - 14:29:53 - [TAB v6.0.0] Blocked attempt to add player HOWAREYOUX into team CMINP2 (expected team: 6HOWAREYOUXA). Source of the team: CMI. To fix this, set "DisableTeamManagement: true" in "plugins/CMI/config.yml".
24.04.2026 - 17:07:46 - [TAB v6.0.0] Blocked attempt to add player uNGxDz into team CMINP1 (expected team: 6uNGxDzA). Source of the team: CMI. To fix this, set "DisableTeamManagement: true" in "plugins/CMI/config.yml".
24.04.2026 - 17:41:21 - [TAB v6.0.0] Blocked attempt to add player HOWAREYOUX into team CMINP2 (expected team: 6HOWAREYOUXA). Source of the team: CMI. To fix this, set "DisableTeamManagement: true" in "plugins/CMI/config.yml".
24.04.2026 - 17:54:45 - [TAB v6.0.0] Blocked attempt to add player uNGxDz into team CMINP1 (expected team: 6uNGxDzA). Source of the team: CMI. To fix this, set "DisableTeamManagement: true" in "plugins/CMI/config.yml".
24.04.2026 - 18:26:45 - [TAB v6.0.0] Blocked attempt to add player HOWAREYOUX into team CMINP2 (expected team: 6HOWAREYOUXA). Source of the team: CMI. To fix this, set "DisableTeamManagement: true" in "plugins/CMI/config.yml".
25.04.2026 - 11:55:44 - [TAB v6.0.0] Blocked attempt to add player uNGxDz into team CMINP1 (expected team: 6uNGxDzA). Source of the team: CMI. To fix this, set "DisableTeamManagement: true" in "plugins/CMI/config.yml".
25.04.2026 - 12:15:15 - [TAB v6.0.0] Blocked attempt to add player uNGxDz into team CMINP1 (expected team: ￿6uNGxDzA). Source of the team: CMI. To fix this, set "DisableTeamManagement: true" in "plugins/CMI/config.yml".
25.04.2026 - 20:43:14 - [TAB v6.0.0] Blocked attempt to add player HOWAREYOUX into team CMINP2 (expected team: ￿6HOWAREYOUXA). Source of the team: CMI. To fix this, set "DisableTeamManagement: true" in "plugins/CMI/config.yml".
25.04.2026 - 22:22:37 - [TAB v6.0.0] Blocked attempt to add player HOWAREYOUX into team CMINP2 (expected team: ￿6HOWAREYOUXA). Source of the team: CMI. To fix this, set "DisableTeamManagement: true" in "plugins/CMI/config.yml".
27.04.2026 - 21:45:37 - [TAB v6.0.0] Blocked attempt to add player uNGxDz into team CMINP1 (expected team: ￿6uNGxDzA). Source of the team: CMI. To fix this, set "DisableTeamManagement: true" in "plugins/CMI/config.yml".
27.04.2026 - 22:08:52 - [TAB v6.0.0] Blocked attempt to add player HOWAREYOUX into team CMINP2 (expected team: ￿6HOWAREYOUXA). Source of the team: CMI. To fix this, set "DisableTeamManagement: true" in "plugins/CMI/config.yml".
27.04.2026 - 22:18:20 - [TAB v6.0.0] Blocked attempt to add player uNGxDz into team CMINP1 (expected team: ￿6uNGxDzA). Source of the team: CMI. To fix this, set "DisableTeamManagement: true" in "plugins/CMI/config.yml".
27.04.2026 - 22:30:24 - [TAB v6.0.0] Blocked attempt to add player HOWAREYOUX into team CMINP2 (expected team: ￿6HOWAREYOUXA). Source of the team: CMI. To fix this, set "DisableTeamManagement: true" in "plugins/CMI/config.yml".
28.04.2026 - 10:42:06 - [TAB v6.0.0] Blocked attempt to add player uNGxDz into team CMINP1 (expected team: ￿6uNGxDzA). Source of the team: CMI. To fix this, set "DisableTeamManagement: true" in "plugins/CMI/config.yml".
28.04.2026 - 13:22:59 - [TAB v6.0.0] Blocked attempt to add player HOWAREYOUX into team CMINP2 (expected team: ￿6HOWAREYOUXA). Source of the team: CMI. To fix this, set "DisableTeamManagement: true" in "plugins/CMI/config.yml".
28.04.2026 - 20:26:55 - [TAB v6.0.0] Blocked attempt to add player HOWAREYOUX into team CMINP2 (expected team: ￿6HOWAREYOUXA). Source of the team: CMI. To fix this, set "DisableTeamManagement: true" in "plugins/CMI/config.yml".
28.04.2026 - 21:06:43 - [TAB v6.0.0] Blocked attempt to add player uNGxDz into team CMINP1 (expected team: ￿6uNGxDzA). Source of the team: CMI. To fix this, set "DisableTeamManagement: true" in "plugins/CMI/config.yml".
28.04.2026 - 21:48:45 - [TAB v6.0.0] Blocked attempt to add player HOWAREYOUX into team CMINP2 (expected team: ￿6HOWAREYOUXA). Source of the team: CMI. To fix this, set "DisableTeamManagement: true" in "plugins/CMI/config.yml".
29.04.2026 - 11:41:09 - [TAB v6.0.0] Blocked attempt to add player uNGxDz into team CMINP1 (expected team: ￿6uNGxDzA). Source of the team: CMI. To fix this, set "DisableTeamManagement: true" in "plugins/CMI/config.yml".
29.04.2026 - 13:30:31 - [TAB v6.0.0] Blocked attempt to add player HOWAREYOUX into team CMINP2 (expected team: ￿6HOWAREYOUXA). Source of the team: CMI. To fix this, set "DisableTeamManagement: true" in "plugins/CMI/config.yml".
29.04.2026 - 18:01:14 - [TAB v6.0.0] Blocked attempt to add player uNGxDz into team CMINP1 (expected team: ￿6uNGxDzA). Source of the team: CMI. To fix this, set "DisableTeamManagement: true" in "plugins/CMI/config.yml".
29.04.2026 - 18:29:13 - [TAB v6.0.0] Blocked attempt to add player HOWAREYOUX into team CMINP2 (expected team: ￿6HOWAREYOUXA). Source of the team: CMI. To fix this, set "DisableTeamManagement: true" in "plugins/CMI/config.yml".
30.04.2026 - 14:16:33 - [TAB v6.0.0] Blocked attempt to add player uNGxDz into team CMINP1 (expected team: ￿6uNGxDzA). Source of the team: CMI. To fix this, set "DisableTeamManagement: true" in "plugins/CMI/config.yml".
01.05.2026 - 02:18:21 - [TAB v6.0.0] Blocked attempt to add player HOWAREYOUX into team CMINP2 (expected team: ￿6HOWAREYOUXA). Source of the team: CMI. To fix this, set "DisableTeamManagement: true" in "plugins/CMI/config.yml".
01.05.2026 - 10:48:58 - [TAB v6.0.0] Blocked attempt to add player uNGxDz into team CMINP1 (expected team: ￿6uNGxDzA). Source of the team: CMI. To fix this, set "DisableTeamManagement: true" in "plugins/CMI/config.yml".
01.05.2026 - 18:48:07 - [TAB v6.0.0] Blocked attempt to add player FifTyz13 into team CMINP3 (expected team: ￿6FifTyz13A). Source of the team: CMI. To fix this, set "DisableTeamManagement: true" in "plugins/CMI/config.yml".
01.05.2026 - 18:49:16 - [TAB v6.0.0] Blocked attempt to add player FifTyz13 into team CMINP3 (expected team: ￿6FifTyz13A). Source of the team: CMI. To fix this, set "DisableTeamManagement: true" in "plugins/CMI/config.yml".
