[12/04/2026 09:53:24] [money] Vault Eco - Money gave $0 to uNGxDz. New balance: $0
[12/04/2026 09:53:24] [coins] NightCore - EconomyBridge gave 0⛂ to uNGxDz. New balance: 0⛂
[12/04/2026 12:06:37] [money] Vault Eco - Money gave $0 to uNGxDz. New balance: $0
[12/04/2026 12:06:37] [coins] NightCore - EconomyBridge gave 0⛂ to uNGxDz. New balance: 0⛂
[12/04/2026 13:28:46] [money] Vault Eco - Money gave $0 to uNGxDz. New balance: $0
[12/04/2026 13:28:46] [coins] NightCore - EconomyBridge gave 0⛂ to uNGxDz. New balance: 0⛂
[12/04/2026 13:29:37] [money] Vault Eco - Money gave $0 to HOWAREYOUX. New balance: $0
[12/04/2026 13:29:37] [coins] NightCore - EconomyBridge gave 0⛂ to HOWAREYOUX. New balance: 0⛂
[12/04/2026 13:48:48] [money] Vault Eco - Money gave $0 to uNGxDz. New balance: $0
[12/04/2026 13:48:48] [coins] NightCore - EconomyBridge gave 0⛂ to uNGxDz. New balance: 0⛂
[12/04/2026 15:02:36] [money] Vault Eco - Money gave $0 to HOWAREYOUX. New balance: $0
[12/04/2026 15:02:36] [coins] NightCore - EconomyBridge gave 0⛂ to HOWAREYOUX. New balance: 0⛂
[12/04/2026 18:33:35] [coins] NightCore - EconomyBridge gave 0⛂ to uNGxDz. New balance: 0⛂
[12/04/2026 18:33:35] [money] Vault Eco - Money gave $0 to uNGxDz. New balance: $0
[13/04/2026 13:19:52] [coins] NightCore - EconomyBridge gave 0⛂ to uNGxDz. New balance: 0⛂
[13/04/2026 13:19:52] [money] Vault Eco - Money gave $0 to uNGxDz. New balance: $0
[13/04/2026 15:59:08] [coins] NightCore - EconomyBridge gave 0⛂ to uNGxDz. New balance: 0⛂
[13/04/2026 15:59:08] [money] Vault Eco - Money gave $0 to uNGxDz. New balance: $0
[13/04/2026 22:42:42] [money] Vault Eco - Money gave $197.992 to uNGxDz. New balance: $197.992
[14/04/2026 03:46:46] [money] Vault Eco - Money gave $0 to HOWAREYOUX. New balance: $0
[14/04/2026 03:46:46] [coins] NightCore - EconomyBridge gave 0⛂ to HOWAREYOUX. New balance: 0⛂
[14/04/2026 14:40:25] [money] Vault Eco - Money gave $0 to uNGxDz. New balance: $197.992
[14/04/2026 14:40:25] [coins] NightCore - EconomyBridge gave 0⛂ to uNGxDz. New balance: 0⛂
[18/04/2026 16:25:35] [money] Vault Eco - Money gave $0 to uNGxDz. New balance: $197.992
[18/04/2026 16:25:35] [coins] NightCore - EconomyBridge gave 0⛂ to uNGxDz. New balance: 0⛂
[18/04/2026 22:01:38] [money] Vault Eco - Money gave $0 to uNGxDz. New balance: $197.992
[18/04/2026 22:01:38] [coins] NightCore - EconomyBridge gave 0⛂ to uNGxDz. New balance: 0⛂
[18/04/2026 22:59:39] [money] Vault Eco - Money gave $0 to uNGxDz. New balance: $197.992
[18/04/2026 22:59:39] [coins] NightCore - EconomyBridge gave 0⛂ to uNGxDz. New balance: 0⛂
[19/04/2026 17:14:45] [money] Vault Eco - Money gave $0 to HOWAREYOUX. New balance: $0
[19/04/2026 17:14:45] [coins] NightCore - EconomyBridge gave 0⛂ to HOWAREYOUX. New balance: 0⛂
[19/04/2026 17:55:57] [coins] NightCore - EconomyBridge gave 0⛂ to FifTyz13. New balance: 0⛂
[19/04/2026 17:55:57] [money] Vault Eco - Money gave $0 to FifTyz13. New balance: $0
[19/04/2026 17:56:12] [coins] NightCore - EconomyBridge gave 0⛂ to uNGxDz. New balance: 0⛂
[19/04/2026 17:56:12] [money] Vault Eco - Money gave $0 to uNGxDz. New balance: $197.992
[19/04/2026 17:59:47] [coins] NightCore - EconomyBridge gave 0⛂ to HOWAREYOUX. New balance: 0⛂
[19/04/2026 17:59:47] [money] Vault Eco - Money gave $0 to HOWAREYOUX. New balance: $0
[20/04/2026 17:15:26] [coins] NightCore - EconomyBridge gave 0⛂ to uNGxDz. New balance: 0⛂
[20/04/2026 17:15:26] [money] Vault Eco - Money gave $0 to uNGxDz. New balance: $197.992
[23/04/2026 16:31:27] [coins] NightCore - EconomyBridge gave 0⛂ to uNGxDz. New balance: 0⛂
[23/04/2026 16:31:27] [money] Vault Eco - Money gave $0 to uNGxDz. New balance: $197.992
[23/04/2026 16:43:38] [coins] NightCore - EconomyBridge gave 0⛂ to HOWAREYOUX. New balance: 0⛂
[23/04/2026 16:43:38] [money] Vault Eco - Money gave $0 to HOWAREYOUX. New balance: $0
[23/04/2026 16:49:44] [money] Vault Eco - Money gave $0 to uNGxDz. New balance: $197.992
[23/04/2026 16:49:44] [coins] NightCore - EconomyBridge gave 0⛂ to uNGxDz. New balance: 0⛂
[23/04/2026 19:12:36] [money] Vault Eco - Money gave $0 to HOWAREYOUX. New balance: $0
[23/04/2026 19:12:36] [coins] NightCore - EconomyBridge gave 0⛂ to HOWAREYOUX. New balance: 0⛂
[25/04/2026 12:15:15] [coins] NightCore - EconomyBridge gave 0⛂ to uNGxDz. New balance: 0⛂
[25/04/2026 12:15:15] [money] Vault Eco - Money gave $0 to uNGxDz. New balance: $197.992
[25/04/2026 20:43:14] [coins] NightCore - EconomyBridge gave 0⛂ to HOWAREYOUX. New balance: 0⛂
[25/04/2026 20:43:14] [money] Vault Eco - Money gave $0 to HOWAREYOUX. New balance: $0
[25/04/2026 22:22:37] [coins] NightCore - EconomyBridge gave 0⛂ to HOWAREYOUX. New balance: 0⛂
[25/04/2026 22:22:37] [money] Vault Eco - Money gave $0 to HOWAREYOUX. New balance: $0
[27/04/2026 21:45:37] [coins] NightCore - EconomyBridge gave 0⛂ to uNGxDz. New balance: 0⛂
[27/04/2026 21:45:37] [money] Vault Eco - Money gave $0 to uNGxDz. New balance: $197.992
[28/04/2026 13:22:59] [money] Vault Eco - Money gave $0 to HOWAREYOUX. New balance: $0
[28/04/2026 13:22:59] [coins] NightCore - EconomyBridge gave 0⛂ to HOWAREYOUX. New balance: 0⛂
[28/04/2026 20:26:55] [coins] NightCore - EconomyBridge gave 0⛂ to HOWAREYOUX. New balance: 0⛂
[28/04/2026 20:26:55] [money] Vault Eco - Money gave $0 to HOWAREYOUX. New balance: $0
[28/04/2026 21:06:43] [coins] NightCore - EconomyBridge gave 0⛂ to uNGxDz. New balance: 0⛂
[28/04/2026 21:06:43] [money] Vault Eco - Money gave $0 to uNGxDz. New balance: $197.992
[29/04/2026 13:30:31] [money] Vault Eco - Money gave $0 to HOWAREYOUX. New balance: $0
[29/04/2026 13:30:31] [coins] NightCore - EconomyBridge gave 0⛂ to HOWAREYOUX. New balance: 0⛂
[29/04/2026 18:01:14] [money] Vault Eco - Money gave $0 to uNGxDz. New balance: $197.992
[29/04/2026 18:01:14] [coins] NightCore - EconomyBridge gave 0⛂ to uNGxDz. New balance: 0⛂
[30/04/2026 14:16:33] [money] Vault Eco - Money gave $0 to uNGxDz. New balance: $197.992
[30/04/2026 14:16:33] [coins] NightCore - EconomyBridge gave 0⛂ to uNGxDz. New balance: 0⛂
[01/05/2026 02:18:21] [money] Vault Eco - Money gave $0 to HOWAREYOUX. New balance: $0
[01/05/2026 02:18:21] [coins] NightCore - EconomyBridge gave 0⛂ to HOWAREYOUX. New balance: 0⛂
[01/05/2026 11:03:02] [xindellarpoint] uNGxDz gave 500 ꒁ to uNGxDz. New balance: 500 ꒁ
[01/05/2026 11:05:29] [money] Vault Eco - Money gave $500 to uNGxDz. New balance: $697.992
[01/05/2026 11:05:52] [money] Vault Eco - Money gave $500 to uNGxDz. New balance: $1,197.992
[01/05/2026 11:05:52] [money] Vault Eco - Money gave $500 to uNGxDz. New balance: $1,697.992
[01/05/2026 17:17:44] [money] uNGxDz gave  5,000 to uNGxDz. New balance:  6,697.992
[01/05/2026 17:17:45] [money] uNGxDz gave  5,000 to uNGxDz. New balance:  11,697.992
[01/05/2026 17:17:46] [money] uNGxDz gave  5,000 to uNGxDz. New balance:  16,697.992
[01/05/2026 17:17:46] [money] uNGxDz gave  5,000 to uNGxDz. New balance:  21,697.992
[01/05/2026 17:17:50] [money] uNGxDz gave  50,000 to uNGxDz. New balance:  71,697.992
[01/05/2026 17:17:51] [money] uNGxDz gave  50,000 to uNGxDz. New balance:  121,697.992
[01/05/2026 17:18:10] [money] uNGxDz gave  50,000 to uNGxDz. New balance:  171,697.992
[01/05/2026 17:18:10] [money] uNGxDz gave  50,000 to uNGxDz. New balance:  221,697.992
[01/05/2026 17:18:11] [money] uNGxDz gave  50,000 to uNGxDz. New balance:  271,697.992
[01/05/2026 17:18:11] [money] uNGxDz gave  50,000 to uNGxDz. New balance:  321,697.992
[01/05/2026 17:18:16] [money] uNGxDz gave  500,000 to uNGxDz. New balance:  821,697.992
[01/05/2026 17:18:20] [money] uNGxDz gave  200,000 to uNGxDz. New balance:  1,021,697.992
[01/05/2026 17:19:07] [money] uNGxDz reset uNGxDz's balance of Money to  0.
[01/05/2026 17:19:21] [money] uNGxDz gave  200 to uNGxDz. New balance:  200
[01/05/2026 17:19:23] [money] uNGxDz gave  2,000 to uNGxDz. New balance:  2,200
[01/05/2026 17:19:25] [money] uNGxDz gave  20,000 to uNGxDz. New balance:  22,200
[01/05/2026 17:19:27] [money] uNGxDz gave  200,000 to uNGxDz. New balance:  222,200
[01/05/2026 17:19:29] [money] uNGxDz gave  2,000,000 to uNGxDz. New balance:  2,222,200
[01/05/2026 17:19:38] [money] uNGxDz set uNGxDz's balance to  1,500,000. New balance:  1,500,000
[01/05/2026 17:19:40] [money] uNGxDz set uNGxDz's balance to  500,000. New balance:  500,000
[01/05/2026 17:20:01] [money] uNGxDz set uNGxDz's balance to  2,000. New balance:  2,000
[01/05/2026 17:20:05] [money] uNGxDz set uNGxDz's balance to  200. New balance:  200
[01/05/2026 17:20:07] [money] uNGxDz set uNGxDz's balance to  999. New balance:  999
[01/05/2026 17:20:11] [money] uNGxDz set uNGxDz's balance to  99,999. New balance:  99,999
[01/05/2026 17:20:13] [money] uNGxDz set uNGxDz's balance to  999,999. New balance:  999,999
[01/05/2026 17:20:31] [money] uNGxDz gave  1 to uNGxDz. New balance:  1,000,000
[01/05/2026 17:23:08] [energy] uNGxDz gave 100  to uNGxDz. New balance: 100 
[01/05/2026 17:23:10] [energy] uNGxDz gave 100  to uNGxDz. New balance: 200 
[01/05/2026 17:23:17] [energy] uNGxDz gave 1,000  to uNGxDz. New balance: 1,200 
[01/05/2026 17:23:41] [energy] uNGxDz gave 99,999  to uNGxDz. New balance: 101,199 
[01/05/2026 17:23:46] [energy] uNGxDz set uNGxDz's balance to 999,999 . New balance: 999,999 
[01/05/2026 17:24:03] [energy] uNGxDz gave 1  to uNGxDz. New balance: 1,000,000 
[01/05/2026 18:48:07] [money] Vault Eco - Money gave  0 to FifTyz13. New balance:  0
[01/05/2026 18:48:07] [coins] NightCore - EconomyBridge gave 0⛂ to FifTyz13. New balance: 0⛂
[01/05/2026 18:49:16] [xindellarpoint] NightCore - EconomyBridge gave 0 ꒁ to FifTyz13. New balance: 0 ꒁ
[01/05/2026 18:49:16] [energy] NightCore - EconomyBridge gave 0  to FifTyz13. New balance: 0 
[01/05/2026 18:49:16] [money] Vault Eco - Money gave  0 to FifTyz13. New balance:  0
[01/05/2026 18:49:16] [coins] NightCore - EconomyBridge gave 0⛂ to FifTyz13. New balance: 0⛂
[02/05/2026 13:51:27] [money] Vault Eco - Money gave  0 to uNGxDz. New balance:  1,000,000
[02/05/2026 13:51:27] [energy] NightCore - EconomyBridge gave 0  to uNGxDz. New balance: 1,000,000 
[02/05/2026 13:51:27] [coins] NightCore - EconomyBridge gave 0⛂ to uNGxDz. New balance: 0⛂
[02/05/2026 13:51:27] [xindellarpoint] NightCore - EconomyBridge gave 0 ꒁ to uNGxDz. New balance: 500 ꒁ
[02/05/2026 14:00:31] [energy] NightCore - EconomyBridge gave 0  to uNGxDz. New balance: 1,000,000 
[02/05/2026 14:00:31] [coins] NightCore - EconomyBridge gave 0⛂ to uNGxDz. New balance: 0⛂
[02/05/2026 14:00:31] [xindellarpoint] NightCore - EconomyBridge gave 0 ꒁ to uNGxDz. New balance: 500 ꒁ
[02/05/2026 14:00:31] [money] Vault Eco - Money gave  0 to uNGxDz. New balance:  1,000,000
[02/05/2026 14:05:03] [energy] NightCore - EconomyBridge gave 0  to HOWAREYOUX. New balance: 0 
[02/05/2026 14:05:03] [coins] NightCore - EconomyBridge gave 0⛂ to HOWAREYOUX. New balance: 0⛂
[02/05/2026 14:05:03] [xindellarpoint] NightCore - EconomyBridge gave 0 ꒁ to HOWAREYOUX. New balance: 0 ꒁ
[02/05/2026 14:05:03] [money] Vault Eco - Money gave  0 to HOWAREYOUX. New balance:  0
[02/05/2026 14:47:18] [money] uNGxDz set uNGxDz's balance to  500. New balance:  500
[02/05/2026 14:52:48] [xindellarpoint] NightCore - EconomyBridge gave 0 ꒁ to uNGxDz. New balance: 500 ꒁ
[02/05/2026 14:52:48] [energy] NightCore - EconomyBridge gave 0  to uNGxDz. New balance: 1,000,000 
[02/05/2026 14:52:48] [money] Vault Eco - Money gave  0 to uNGxDz. New balance:  500
[02/05/2026 14:52:48] [coins] NightCore - EconomyBridge gave 0⛂ to uNGxDz. New balance: 0⛂
[02/05/2026 17:31:06] [coins] NightCore - EconomyBridge gave 0⛂ to uNGxDz. New balance: 0⛂
[02/05/2026 17:31:06] [energy] NightCore - EconomyBridge gave 0  to uNGxDz. New balance: 1,000,000 
[02/05/2026 17:31:06] [xindellarpoint] NightCore - EconomyBridge gave 0 ꒁ to uNGxDz. New balance: 500 ꒁ
[02/05/2026 17:31:06] [money] Vault Eco - Money gave  0 to uNGxDz. New balance:  500
[02/05/2026 17:50:56] [xindellarpoint] NightCore - EconomyBridge gave 0 ꒁ to uNGxDz. New balance: 500 ꒁ
[02/05/2026 17:50:56] [money] Vault Eco - Money gave  0 to uNGxDz. New balance:  500
[02/05/2026 17:50:56] [coins] NightCore - EconomyBridge gave 0⛂ to uNGxDz. New balance: 0⛂
[02/05/2026 17:50:56] [energy] NightCore - EconomyBridge gave 0  to uNGxDz. New balance: 1,000,000 
[02/05/2026 17:56:46] [coins] NightCore - EconomyBridge gave 0⛂ to uNGxDz. New balance: 0⛂
[02/05/2026 17:56:46] [money] Vault Eco - Money gave  0 to uNGxDz. New balance:  500
[02/05/2026 17:56:46] [energy] NightCore - EconomyBridge gave 0  to uNGxDz. New balance: 1,000,000 
[02/05/2026 17:56:46] [xindellarpoint] NightCore - EconomyBridge gave 0 ꒁ to uNGxDz. New balance: 500 ꒁ
[02/05/2026 18:04:05] [energy] uNGxDz reset uNGxDz's balance of energy to 0 .
[02/05/2026 18:11:22] [money] uNGxDz gave  500 to uNGxDz. New balance:  1,000
[02/05/2026 19:59:59] [energy] NightCore - EconomyBridge gave 0  to uNGxDz. New balance: 0 
[02/05/2026 19:59:59] [coins] NightCore - EconomyBridge gave 0⛂ to uNGxDz. New balance: 0⛂
[02/05/2026 19:59:59] [xindellarpoint] NightCore - EconomyBridge gave 0 ꒁ to uNGxDz. New balance: 500 ꒁ
[02/05/2026 19:59:59] [money] Vault Eco - Money gave  0 to uNGxDz. New balance:  1,000
[02/05/2026 20:04:17] [money] uNGxDz gave  151 to uNGxDz. New balance:  1,151
[02/05/2026 20:06:06] [money] uNGxDz set uNGxDz's balance to  1,149. New balance:  1,149
[02/05/2026 20:06:18] [money] uNGxDz set uNGxDz's balance to  1,151. New balance:  1,151
[02/05/2026 20:39:16] [money] uNGxDz gave  0.5 to uNGxDz. New balance:  1,151.5
[02/05/2026 20:50:50] [money] uNGxDz gave  1,190 to uNGxDz. New balance:  2,341.5
[02/05/2026 20:51:13] [money] uNGxDz gave  50 to uNGxDz. New balance:  2,391.5
[02/05/2026 20:51:20] [money] uNGxDz gave  0.5 to uNGxDz. New balance:  2,392
[02/05/2026 20:51:58] [money] uNGxDz gave  10,000 to uNGxDz. New balance:  12,392
[02/05/2026 20:52:02] [money] uNGxDz gave  100,000 to uNGxDz. New balance:  112,392
[02/05/2026 20:52:05] [money] uNGxDz gave  1,000,000 to uNGxDz. New balance:  1,112,392
[02/05/2026 21:13:10] [money] Vault Eco - Money gave  0 to uNGxDz. New balance:  0
[02/05/2026 21:13:10] [coins] NightCore - EconomyBridge gave 0⛂ to uNGxDz. New balance: 0⛂
[02/05/2026 21:13:10] [xindellarpoint] NightCore - EconomyBridge gave 0 ꒁ to uNGxDz. New balance: 0 ꒁ
[02/05/2026 21:13:10] [energy] NightCore - EconomyBridge gave 0  to uNGxDz. New balance: 0 
[02/05/2026 21:19:18] [coins] NightCore - EconomyBridge gave 0⛂ to uNGxDz. New balance: 0⛂
[02/05/2026 21:19:18] [energy] NightCore - EconomyBridge gave 0  to uNGxDz. New balance: 0 
[02/05/2026 21:19:18] [money] Vault Eco - Money gave  0 to uNGxDz. New balance:  0
[02/05/2026 21:19:18] [xindellarpoint] NightCore - EconomyBridge gave 0 ꒁ to uNGxDz. New balance: 0 ꒁ
[02/05/2026 21:25:30] [money] Vault Eco - Money gave  0 to uNGxDz. New balance:  0
[02/05/2026 21:25:30] [xindellarpoint] NightCore - EconomyBridge gave 0 ꒁ to uNGxDz. New balance: 0 ꒁ
[02/05/2026 21:25:30] [energy] NightCore - EconomyBridge gave 0  to uNGxDz. New balance: 0 
[02/05/2026 21:25:30] [coins] NightCore - EconomyBridge gave 0⛂ to uNGxDz. New balance: 0⛂
[02/05/2026 21:30:17] [energy] NightCore - EconomyBridge gave 0  to uNGxDz. New balance: 0 
[02/05/2026 21:30:17] [coins] NightCore - EconomyBridge gave 0⛂ to uNGxDz. New balance: 0⛂
[02/05/2026 21:30:17] [xindellarpoint] NightCore - EconomyBridge gave 0 ꒁ to uNGxDz. New balance: 0 ꒁ
[02/05/2026 21:30:17] [money] Vault Eco - Money gave  0 to uNGxDz. New balance:  0
[02/05/2026 22:02:05] [money] Vault Eco - Money gave  0 to uNGxDz. New balance:  0
[02/05/2026 22:02:05] [coins] NightCore - EconomyBridge gave 0⛂ to uNGxDz. New balance: 0⛂
[02/05/2026 22:02:05] [xindellarpoint] NightCore - EconomyBridge gave 0 ꒁ to uNGxDz. New balance: 0 ꒁ
[02/05/2026 22:02:05] [energy] NightCore - EconomyBridge gave 0  to uNGxDz. New balance: 0 
[03/05/2026 11:06:34] [money] uNGxDz gave  1,000 to uNGxDz. New balance:  1,000
[05/05/2026 03:11:02] [money] Vault Eco - Money gave  0 to HOWAREYOUX. New balance:  0
[05/05/2026 03:11:02] [coins] NightCore - EconomyBridge gave 0⛂ to HOWAREYOUX. New balance: 0⛂
[05/05/2026 03:11:02] [xindellarpoint] NightCore - EconomyBridge gave 0 ꒁ to HOWAREYOUX. New balance: 0 ꒁ
[05/05/2026 03:11:02] [energy] NightCore - EconomyBridge gave 0  to HOWAREYOUX. New balance: 0 
[08/05/2026 22:29:06] [energy] uNGxDz gave 50  to uNGxDz. New balance: 50 
[13/05/2026 11:57:49] [coins] NightCore - EconomyBridge gave 0⛂ to uNGxDz. New balance: 0⛂
[13/05/2026 11:57:49] [energy] NightCore - EconomyBridge gave 0  to uNGxDz. New balance: 50 
[13/05/2026 11:57:49] [xindellarpoint] NightCore - EconomyBridge gave 0 ꒁ to uNGxDz. New balance: 0 ꒁ
[13/05/2026 11:57:49] [money] Vault Eco - Money gave  0 to uNGxDz. New balance:  1,000
[13/05/2026 12:15:13] [energy] NightCore - EconomyBridge gave 0  to uNGxDz. New balance: 50 
[13/05/2026 12:15:13] [money] Vault Eco - Money gave  0 to uNGxDz. New balance:  1,000
[13/05/2026 12:15:13] [xindellarpoint] NightCore - EconomyBridge gave 0 ꒁ to uNGxDz. New balance: 0 ꒁ
[13/05/2026 12:15:13] [coins] NightCore - EconomyBridge gave 0⛂ to uNGxDz. New balance: 0⛂
[13/05/2026 12:15:15] [energy] NightCore - EconomyBridge gave 0  to FifTyz13. New balance: 0 
[13/05/2026 12:15:15] [money] Vault Eco - Money gave  0 to FifTyz13. New balance:  0
[13/05/2026 12:15:15] [xindellarpoint] NightCore - EconomyBridge gave 0 ꒁ to FifTyz13. New balance: 0 ꒁ
[13/05/2026 12:15:15] [coins] NightCore - EconomyBridge gave 0⛂ to FifTyz13. New balance: 0⛂
[13/05/2026 16:19:21] [money] Vault Eco - Money gave  0 to uNGxDz. New balance:  1,000
[13/05/2026 16:19:21] [xindellarpoint] NightCore - EconomyBridge gave 0 ꒁ to uNGxDz. New balance: 0 ꒁ
[13/05/2026 16:19:21] [coins] NightCore - EconomyBridge gave 0⛂ to uNGxDz. New balance: 0⛂
[13/05/2026 16:19:21] [energy] NightCore - EconomyBridge gave 0  to uNGxDz. New balance: 50 
[13/05/2026 16:26:02] [money] Vault Eco - Money gave  0 to HOWAREYOUX. New balance:  0
[13/05/2026 16:26:02] [xindellarpoint] NightCore - EconomyBridge gave 0 ꒁ to HOWAREYOUX. New balance: 0 ꒁ
[13/05/2026 16:26:02] [coins] NightCore - EconomyBridge gave 0⛂ to HOWAREYOUX. New balance: 0⛂
[13/05/2026 16:26:02] [energy] NightCore - EconomyBridge gave 0  to HOWAREYOUX. New balance: 0 
[14/05/2026 10:01:16] [money] Vault Eco - Money gave  0 to uNGxDz. New balance:  1,000
[14/05/2026 10:01:16] [xindellarpoint] NightCore - EconomyBridge gave 0 ꒁ to uNGxDz. New balance: 0 ꒁ
[14/05/2026 10:01:16] [coins] NightCore - EconomyBridge gave 0⛂ to uNGxDz. New balance: 0⛂
[14/05/2026 10:01:16] [energy] NightCore - EconomyBridge gave 0  to uNGxDz. New balance: 50 
[14/05/2026 10:08:50] [coins] NightCore - EconomyBridge gave 0⛂ to uNGxDz. New balance: 0⛂
[14/05/2026 10:08:50] [money] Vault Eco - Money gave  0 to uNGxDz. New balance:  1,000
[14/05/2026 10:08:50] [xindellarpoint] NightCore - EconomyBridge gave 0 ꒁ to uNGxDz. New balance: 0 ꒁ
[14/05/2026 10:08:50] [energy] NightCore - EconomyBridge gave 0  to uNGxDz. New balance: 50 
[14/05/2026 10:33:10] [xindellarpoint] NightCore - EconomyBridge gave 0 ꒁ to uNGxDz. New balance: 0 ꒁ
[14/05/2026 10:33:10] [coins] NightCore - EconomyBridge gave 0⛂ to uNGxDz. New balance: 0⛂
[14/05/2026 10:33:10] [energy] NightCore - EconomyBridge gave 0  to uNGxDz. New balance: 50 
[14/05/2026 10:33:10] [money] Vault Eco - Money gave  0 to uNGxDz. New balance:  1,000
[14/05/2026 13:05:27] [xindellarpoint] NightCore - EconomyBridge gave 0 ꒁ to uNGxDz. New balance: 0 ꒁ
[14/05/2026 13:05:27] [coins] NightCore - EconomyBridge gave 0⛂ to uNGxDz. New balance: 0⛂
[14/05/2026 13:05:27] [energy] NightCore - EconomyBridge gave 0  to uNGxDz. New balance: 50 
[14/05/2026 13:05:27] [money] Vault Eco - Money gave  0 to uNGxDz. New balance:  1,000
[14/05/2026 17:04:11] [xindellarpoint] NightCore - EconomyBridge gave 0 ꒁ to uNGxDz. New balance: 0 ꒁ
[14/05/2026 17:04:11] [money] Vault Eco - Money gave  0 to uNGxDz. New balance:  1,000
[14/05/2026 17:04:11] [coins] NightCore - EconomyBridge gave 0⛂ to uNGxDz. New balance: 0⛂
[14/05/2026 17:04:11] [energy] NightCore - EconomyBridge gave 0  to uNGxDz. New balance: 50 
[16/05/2026 14:55:05] [xindellarpoint] NightCore - EconomyBridge gave 0 ꒁ to HOWAREYOUX. New balance: 0 ꒁ
[16/05/2026 14:55:05] [money] Vault Eco - Money gave  0 to HOWAREYOUX. New balance:  0
[16/05/2026 14:55:05] [coins] NightCore - EconomyBridge gave 0⛂ to HOWAREYOUX. New balance: 0⛂
[16/05/2026 14:55:05] [energy] NightCore - EconomyBridge gave 0  to HOWAREYOUX. New balance: 0 
[31/05/2026 10:40:18] [xindellarpoint] NightCore - EconomyBridge gave 0 ꒁ to FifTyz13. New balance: 0 ꒁ
[31/05/2026 10:40:18] [money] Vault Eco - Money gave  0 to FifTyz13. New balance:  0
[31/05/2026 10:40:18] [coins] NightCore - EconomyBridge gave 0⛂ to FifTyz13. New balance: 0⛂
[31/05/2026 10:40:18] [energy] NightCore - EconomyBridge gave 0  to FifTyz13. New balance: 0 
