[00:17:25] [Server thread/INFO]: [MMOCore] Autosaving 0 player datas, might take a while...
[00:17:25] [Server thread/INFO]: [MMOInventory] Autosaving 0 player datas, might take a while...
[00:28:13] [Server thread/INFO]: [ProtocolLib] The updater found an update: 5.4.0 (Running 5.4.0-SNAPSHOT-755). Download at https://www.spigotmc.org/resources/protocollib.1997/
[00:47:25] [Server thread/INFO]: [MMOCore] Autosaving 0 player datas, might take a while...
[00:47:25] [Server thread/INFO]: [MMOInventory] Autosaving 0 player datas, might take a while...
[01:17:25] [Server thread/INFO]: [MMOCore] Autosaving 0 player datas, might take a while...
[01:17:25] [Server thread/INFO]: [MMOInventory] Autosaving 0 player datas, might take a while...
[01:47:25] [Server thread/INFO]: [MMOCore] Autosaving 0 player datas, might take a while...
[01:47:25] [Server thread/INFO]: [MMOInventory] Autosaving 0 player datas, might take a while...
[02:17:25] [Server thread/INFO]: [MMOCore] Autosaving 0 player datas, might take a while...
[02:17:25] [Server thread/INFO]: [MMOInventory] Autosaving 0 player datas, might take a while...
[02:47:25] [Server thread/INFO]: [MMOCore] Autosaving 0 player datas, might take a while...
[02:47:25] [Server thread/INFO]: [MMOInventory] Autosaving 0 player datas, might take a while...
[03:17:25] [Server thread/INFO]: [MMOCore] Autosaving 0 player datas, might take a while...
[03:17:25] [Server thread/INFO]: [MMOInventory] Autosaving 0 player datas, might take a while...
[03:47:25] [Server thread/INFO]: [MMOCore] Autosaving 0 player datas, might take a while...
[03:47:25] [Server thread/INFO]: [MMOInventory] Autosaving 0 player datas, might take a while...
[04:17:25] [Server thread/INFO]: [MMOCore] Autosaving 0 player datas, might take a while...
[04:17:25] [Server thread/INFO]: [MMOInventory] Autosaving 0 player datas, might take a while...
[04:47:25] [Server thread/INFO]: [MMOCore] Autosaving 0 player datas, might take a while...
[04:47:25] [Server thread/INFO]: [MMOInventory] Autosaving 0 player datas, might take a while...
[05:17:25] [Server thread/INFO]: [MMOCore] Autosaving 0 player datas, might take a while...
[05:17:25] [Server thread/INFO]: [MMOInventory] Autosaving 0 player datas, might take a while...
[05:46:29] [Server thread/INFO]: ========================
[05:46:29] [Server thread/INFO]: Players online 0/20
[05:46:29] [Server thread/INFO]: ========================
[05:47:26] [Server thread/INFO]: [MMOCore] Autosaving 0 player datas, might take a while...
[05:47:26] [Server thread/INFO]: [MMOInventory] Autosaving 0 player datas, might take a while...
[06:17:26] [Server thread/INFO]: [MMOCore] Autosaving 0 player datas, might take a while...
[06:17:26] [Server thread/INFO]: [MMOInventory] Autosaving 0 player datas, might take a while...
[06:17:26] [Craft Scheduler Thread - 2000 - BankPlus/INFO]: BankPlus [INFO] The plugin is updated!
[06:17:27] [Server thread/INFO]: [HMCCosmetics] You are running the latest version of HMCCosmetics!
[06:47:26] [Server thread/INFO]: [MMOCore] Autosaving 0 player datas, might take a while...
[06:47:26] [Server thread/INFO]: [MMOInventory] Autosaving 0 player datas, might take a while...
[07:17:26] [Server thread/INFO]: [MMOCore] Autosaving 0 player datas, might take a while...
[07:17:26] [Server thread/INFO]: [MMOInventory] Autosaving 0 player datas, might take a while...
[07:47:26] [Server thread/INFO]: [MMOCore] Autosaving 0 player datas, might take a while...
[07:47:26] [Server thread/INFO]: [MMOInventory] Autosaving 0 player datas, might take a while...
[08:17:26] [Server thread/INFO]: [MMOCore] Autosaving 0 player datas, might take a while...
[08:17:26] [Server thread/INFO]: [MMOInventory] Autosaving 0 player datas, might take a while...
[08:47:26] [Server thread/INFO]: [MMOCore] Autosaving 0 player datas, might take a while...
[08:47:26] [Server thread/INFO]: [MMOInventory] Autosaving 0 player datas, might take a while...
[09:17:26] [Server thread/INFO]: [MMOCore] Autosaving 0 player datas, might take a while...
[09:17:26] [Server thread/INFO]: [MMOInventory] Autosaving 0 player datas, might take a while...
[09:47:26] [Server thread/INFO]: [MMOCore] Autosaving 0 player datas, might take a while...
[09:47:26] [Server thread/INFO]: [MMOInventory] Autosaving 0 player datas, might take a while...
[10:17:26] [Server thread/INFO]: [MMOCore] Autosaving 0 player datas, might take a while...
[10:17:26] [Server thread/INFO]: [MMOInventory] Autosaving 0 player datas, might take a while...
[10:47:26] [Server thread/INFO]: [MMOCore] Autosaving 0 player datas, might take a while...
[10:47:26] [Server thread/INFO]: [MMOInventory] Autosaving 0 player datas, might take a while...
[11:17:26] [Server thread/INFO]: [MMOCore] Autosaving 0 player datas, might take a while...
[11:17:26] [Server thread/INFO]: [MMOInventory] Autosaving 0 player datas, might take a while...
[11:47:26] [Server thread/INFO]: [MMOCore] Autosaving 0 player datas, might take a while...
[11:47:26] [Server thread/INFO]: [MMOInventory] Autosaving 0 player datas, might take a while...
[12:17:26] [Server thread/INFO]: [MMOCore] Autosaving 0 player datas, might take a while...
[12:17:26] [Server thread/INFO]: [MMOInventory] Autosaving 0 player datas, might take a while...
[12:28:14] [Server thread/INFO]: [ProtocolLib] The updater found an update: 5.4.0 (Running 5.4.0-SNAPSHOT-755). Download at https://www.spigotmc.org/resources/protocollib.1997/
[12:47:26] [Server thread/INFO]: [MMOCore] Autosaving 0 player datas, might take a while...
[12:47:26] [Server thread/INFO]: [MMOInventory] Autosaving 0 player datas, might take a while...
[13:17:26] [Server thread/INFO]: [MMOCore] Autosaving 0 player datas, might take a while...
[13:17:26] [Server thread/INFO]: [MMOInventory] Autosaving 0 player datas, might take a while...
[13:47:26] [Server thread/INFO]: [MMOCore] Autosaving 0 player datas, might take a while...
[13:47:26] [Server thread/INFO]: [MMOInventory] Autosaving 0 player datas, might take a while...
[14:17:26] [Server thread/INFO]: [MMOCore] Autosaving 0 player datas, might take a while...
[14:17:26] [Server thread/INFO]: [MMOInventory] Autosaving 0 player datas, might take a while...
[14:17:26] [Craft Scheduler Thread - 2658 - BankPlus/INFO]: BankPlus [INFO] The plugin is updated!
[14:47:26] [Server thread/INFO]: [MMOCore] Autosaving 0 player datas, might take a while...
[14:47:26] [Server thread/INFO]: [MMOInventory] Autosaving 0 player datas, might take a while...
[15:17:26] [Server thread/INFO]: [MMOCore] Autosaving 0 player datas, might take a while...
[15:17:26] [Server thread/INFO]: [MMOInventory] Autosaving 0 player datas, might take a while...
[15:47:26] [Server thread/INFO]: [MMOCore] Autosaving 0 player datas, might take a while...
[15:47:26] [Server thread/INFO]: [MMOInventory] Autosaving 0 player datas, might take a while...
[16:17:26] [Server thread/INFO]: [MMOCore] Autosaving 0 player datas, might take a while...
[16:17:26] [Server thread/INFO]: [MMOInventory] Autosaving 0 player datas, might take a while...
[16:18:31] [CMI-Thread-2/INFO]: [CMI] SQLite 3.49.1 data base type detected
[16:18:31] [CMI-Thread-1/INFO]: [CMI] Start Back up
[16:18:31] [CMI-Thread-1/INFO]: [CMI] Copied playtimereward data
[16:18:31] [CMI-Thread-1/INFO]: [CMI] Copied users data
[16:18:31] [CMI-Thread-1/INFO]: [CMI] Finish Back up copy process
[16:18:31] [CMI-Thread-1/INFO]: [CMI] Backup compacted: 2026-06-02_16-18-31_cmi.sqlite.db.zip
[16:18:31] [CMI-Thread-1/INFO]: [CMI] Removed temporary file
[16:18:31] [CMI-Thread-1/INFO]: [CMI] Deleted old backup: 2026-05-23_13-20-45_cmi.sqlite.db.zip
